// Jest Snapshot v1, https://goo.gl/fbAQLP

exports[`App renders correctly 1`] = `
ShallowWrapper {
  "length": 1,
  Symbol(enzyme.__root__): [Circular],
  Symbol(enzyme.__unrendered__): <App
    getProjects={[Function]}
    searchValue=""
    setSearchValue={[Function]}
/>,
  Symbol(enzyme.__renderer__): Object {
    "batchedUpdates": [Function],
    "getNode": [Function],
    "render": [Function],
    "simulateEvent": [Function],
    "unmount": [Function],
  },
  Symbol(enzyme.__node__): Object {
    "instance": null,
    "key": undefined,
    "nodeType": "class",
    "props": Object {
      "children": <Adapter
        style={
                Object {
                        "height": "100vh",
                        "overflow": "scroll",
                      }
        }
>
        <Sider
                collapsedWidth={80}
                collapsible={false}
                defaultCollapsed={false}
                height="100vh"
                prefixCls="ant-layout-sider"
                reverseArrow={false}
                style={
                        Object {
                                "background": "#262a34",
                                "overflow": "scroll",
                              }
                }
                theme="dark"
                width="20rem"
        >
                <Debounce
                        handler="onChange"
                        handlers={Array []}
                        time="500"
                >
                        <Input
                                disabled={false}
                                onChange={[Function]}
                                placeholder="Search Projects"
                                prefixCls="ant-input"
                                size="large"
                                style={
                                        Object {
                                                "margin": "1rem",
                                                "width": "18rem",
                                              }
                                }
                                suffix={
                                        <Icon
                                                type="search"
                                        />
                                }
                                type="text"
                        />
                </Debounce>
                <Connect(FetchList)
                        getList={[Function]}
                        render={[Function]}
                />
        </Sider>
        <Adapter>
                <Adapter
                        style={
                                Object {
                                        "padding": "5rem",
                                        "position": "relative",
                                      }
                        }
                >
                        <div
                                className="content-text"
                                style={
                                        Object {
                                                "left": "50%",
                                                "position": "absolute",
                                                "top": "50%",
                                                "transform": "translate(-50%,-50%)",
                                              }
                                }
                        >
                                Please select a project from the sidebar
                        </div>
                </Adapter>
        </Adapter>
</Adapter>,
    },
    "ref": null,
    "rendered": Object {
      "instance": null,
      "key": undefined,
      "nodeType": "class",
      "props": Object {
        "children": Array [
          <Sider
            collapsedWidth={80}
            collapsible={false}
            defaultCollapsed={false}
            height="100vh"
            prefixCls="ant-layout-sider"
            reverseArrow={false}
            style={
                        Object {
                                    "background": "#262a34",
                                    "overflow": "scroll",
                                  }
            }
            theme="dark"
            width="20rem"
>
            <Debounce
                        handler="onChange"
                        handlers={Array []}
                        time="500"
            >
                        <Input
                                    disabled={false}
                                    onChange={[Function]}
                                    placeholder="Search Projects"
                                    prefixCls="ant-input"
                                    size="large"
                                    style={
                                                Object {
                                                            "margin": "1rem",
                                                            "width": "18rem",
                                                          }
                                    }
                                    suffix={
                                                <Icon
                                                            type="search"
                                                />
                                    }
                                    type="text"
                        />
            </Debounce>
            <Connect(FetchList)
                        getList={[Function]}
                        render={[Function]}
            />
</Sider>,
          <Adapter>
            <Adapter
                        style={
                                    Object {
                                                "padding": "5rem",
                                                "position": "relative",
                                              }
                        }
            >
                        <div
                                    className="content-text"
                                    style={
                                                Object {
                                                            "left": "50%",
                                                            "position": "absolute",
                                                            "top": "50%",
                                                            "transform": "translate(-50%,-50%)",
                                                          }
                                    }
                        >
                                    Please select a project from the sidebar
                        </div>
            </Adapter>
</Adapter>,
        ],
        "style": Object {
          "height": "100vh",
          "overflow": "scroll",
        },
      },
      "ref": null,
      "rendered": Array [
        Object {
          "instance": null,
          "key": undefined,
          "nodeType": "class",
          "props": Object {
            "children": Array [
              <Debounce
                handler="onChange"
                handlers={Array []}
                time="500"
>
                <Input
                                disabled={false}
                                onChange={[Function]}
                                placeholder="Search Projects"
                                prefixCls="ant-input"
                                size="large"
                                style={
                                                Object {
                                                                "margin": "1rem",
                                                                "width": "18rem",
                                                              }
                                }
                                suffix={
                                                <Icon
                                                                type="search"
                                                />
                                }
                                type="text"
                />
</Debounce>,
              <Connect(FetchList)
                getList={[Function]}
                render={[Function]}
/>,
            ],
            "collapsedWidth": 80,
            "collapsible": false,
            "defaultCollapsed": false,
            "height": "100vh",
            "prefixCls": "ant-layout-sider",
            "reverseArrow": false,
            "style": Object {
              "background": "#262a34",
              "overflow": "scroll",
            },
            "theme": "dark",
            "width": "20rem",
          },
          "ref": null,
          "rendered": Array [
            Object {
              "instance": null,
              "key": undefined,
              "nodeType": "class",
              "props": Object {
                "children": <Input
                  disabled={false}
                  onChange={[Function]}
                  placeholder="Search Projects"
                  prefixCls="ant-input"
                  size="large"
                  style={
                                    Object {
                                                      "margin": "1rem",
                                                      "width": "18rem",
                                                    }
                  }
                  suffix={
                                    <Icon
                                                      type="search"
                                    />
                  }
                  type="text"
/>,
                "handler": "onChange",
                "handlers": Array [],
                "time": "500",
              },
              "ref": null,
              "rendered": Object {
                "instance": null,
                "key": undefined,
                "nodeType": "class",
                "props": Object {
                  "disabled": false,
                  "onChange": [Function],
                  "placeholder": "Search Projects",
                  "prefixCls": "ant-input",
                  "size": "large",
                  "style": Object {
                    "margin": "1rem",
                    "width": "18rem",
                  },
                  "suffix": <Icon
                    type="search"
/>,
                  "type": "text",
                },
                "ref": null,
                "rendered": null,
                "type": [Function],
              },
              "type": [Function],
            },
            Object {
              "instance": null,
              "key": undefined,
              "nodeType": "class",
              "props": Object {
                "getList": [Function],
                "render": [Function],
              },
              "ref": null,
              "rendered": null,
              "type": [Function],
            },
          ],
          "type": [Function],
        },
        Object {
          "instance": null,
          "key": undefined,
          "nodeType": "class",
          "props": Object {
            "children": <Adapter
              style={
                            Object {
                                          "padding": "5rem",
                                          "position": "relative",
                                        }
              }
>
              <div
                            className="content-text"
                            style={
                                          Object {
                                                        "left": "50%",
                                                        "position": "absolute",
                                                        "top": "50%",
                                                        "transform": "translate(-50%,-50%)",
                                                      }
                            }
              >
                            Please select a project from the sidebar
              </div>
</Adapter>,
          },
          "ref": null,
          "rendered": Object {
            "instance": null,
            "key": undefined,
            "nodeType": "class",
            "props": Object {
              "children": <div
                className="content-text"
                style={
                                Object {
                                                "left": "50%",
                                                "position": "absolute",
                                                "top": "50%",
                                                "transform": "translate(-50%,-50%)",
                                              }
                }
>
                Please select a project from the sidebar
</div>,
              "style": Object {
                "padding": "5rem",
                "position": "relative",
              },
            },
            "ref": null,
            "rendered": Object {
              "instance": null,
              "key": undefined,
              "nodeType": "host",
              "props": Object {
                "children": "Please select a project from the sidebar",
                "className": "content-text",
                "style": Object {
                  "left": "50%",
                  "position": "absolute",
                  "top": "50%",
                  "transform": "translate(-50%,-50%)",
                },
              },
              "ref": null,
              "rendered": "Please select a project from the sidebar",
              "type": "div",
            },
            "type": [Function],
          },
          "type": [Function],
        },
      ],
      "type": [Function],
    },
    "type": [Function],
  },
  Symbol(enzyme.__nodes__): Array [
    Object {
      "instance": null,
      "key": undefined,
      "nodeType": "class",
      "props": Object {
        "children": <Adapter
          style={
                    Object {
                              "height": "100vh",
                              "overflow": "scroll",
                            }
          }
>
          <Sider
                    collapsedWidth={80}
                    collapsible={false}
                    defaultCollapsed={false}
                    height="100vh"
                    prefixCls="ant-layout-sider"
                    reverseArrow={false}
                    style={
                              Object {
                                        "background": "#262a34",
                                        "overflow": "scroll",
                                      }
                    }
                    theme="dark"
                    width="20rem"
          >
                    <Debounce
                              handler="onChange"
                              handlers={Array []}
                              time="500"
                    >
                              <Input
                                        disabled={false}
                                        onChange={[Function]}
                                        placeholder="Search Projects"
                                        prefixCls="ant-input"
                                        size="large"
                                        style={
                                                  Object {
                                                            "margin": "1rem",
                                                            "width": "18rem",
                                                          }
                                        }
                                        suffix={
                                                  <Icon
                                                            type="search"
                                                  />
                                        }
                                        type="text"
                              />
                    </Debounce>
                    <Connect(FetchList)
                              getList={[Function]}
                              render={[Function]}
                    />
          </Sider>
          <Adapter>
                    <Adapter
                              style={
                                        Object {
                                                  "padding": "5rem",
                                                  "position": "relative",
                                                }
                              }
                    >
                              <div
                                        className="content-text"
                                        style={
                                                  Object {
                                                            "left": "50%",
                                                            "position": "absolute",
                                                            "top": "50%",
                                                            "transform": "translate(-50%,-50%)",
                                                          }
                                        }
                              >
                                        Please select a project from the sidebar
                              </div>
                    </Adapter>
          </Adapter>
</Adapter>,
      },
      "ref": null,
      "rendered": Object {
        "instance": null,
        "key": undefined,
        "nodeType": "class",
        "props": Object {
          "children": Array [
            <Sider
              collapsedWidth={80}
              collapsible={false}
              defaultCollapsed={false}
              height="100vh"
              prefixCls="ant-layout-sider"
              reverseArrow={false}
              style={
                            Object {
                                          "background": "#262a34",
                                          "overflow": "scroll",
                                        }
              }
              theme="dark"
              width="20rem"
>
              <Debounce
                            handler="onChange"
                            handlers={Array []}
                            time="500"
              >
                            <Input
                                          disabled={false}
                                          onChange={[Function]}
                                          placeholder="Search Projects"
                                          prefixCls="ant-input"
                                          size="large"
                                          style={
                                                        Object {
                                                                      "margin": "1rem",
                                                                      "width": "18rem",
                                                                    }
                                          }
                                          suffix={
                                                        <Icon
                                                                      type="search"
                                                        />
                                          }
                                          type="text"
                            />
              </Debounce>
              <Connect(FetchList)
                            getList={[Function]}
                            render={[Function]}
              />
</Sider>,
            <Adapter>
              <Adapter
                            style={
                                          Object {
                                                        "padding": "5rem",
                                                        "position": "relative",
                                                      }
                            }
              >
                            <div
                                          className="content-text"
                                          style={
                                                        Object {
                                                                      "left": "50%",
                                                                      "position": "absolute",
                                                                      "top": "50%",
                                                                      "transform": "translate(-50%,-50%)",
                                                                    }
                                          }
                            >
                                          Please select a project from the sidebar
                            </div>
              </Adapter>
</Adapter>,
          ],
          "style": Object {
            "height": "100vh",
            "overflow": "scroll",
          },
        },
        "ref": null,
        "rendered": Array [
          Object {
            "instance": null,
            "key": undefined,
            "nodeType": "class",
            "props": Object {
              "children": Array [
                <Debounce
                  handler="onChange"
                  handlers={Array []}
                  time="500"
>
                  <Input
                                    disabled={false}
                                    onChange={[Function]}
                                    placeholder="Search Projects"
                                    prefixCls="ant-input"
                                    size="large"
                                    style={
                                                      Object {
                                                                        "margin": "1rem",
                                                                        "width": "18rem",
                                                                      }
                                    }
                                    suffix={
                                                      <Icon
                                                                        type="search"
                                                      />
                                    }
                                    type="text"
                  />
</Debounce>,
                <Connect(FetchList)
                  getList={[Function]}
                  render={[Function]}
/>,
              ],
              "collapsedWidth": 80,
              "collapsible": false,
              "defaultCollapsed": false,
              "height": "100vh",
              "prefixCls": "ant-layout-sider",
              "reverseArrow": false,
              "style": Object {
                "background": "#262a34",
                "overflow": "scroll",
              },
              "theme": "dark",
              "width": "20rem",
            },
            "ref": null,
            "rendered": Array [
              Object {
                "instance": null,
                "key": undefined,
                "nodeType": "class",
                "props": Object {
                  "children": <Input
                    disabled={false}
                    onChange={[Function]}
                    placeholder="Search Projects"
                    prefixCls="ant-input"
                    size="large"
                    style={
                                        Object {
                                                            "margin": "1rem",
                                                            "width": "18rem",
                                                          }
                    }
                    suffix={
                                        <Icon
                                                            type="search"
                                        />
                    }
                    type="text"
/>,
                  "handler": "onChange",
                  "handlers": Array [],
                  "time": "500",
                },
                "ref": null,
                "rendered": Object {
                  "instance": null,
                  "key": undefined,
                  "nodeType": "class",
                  "props": Object {
                    "disabled": false,
                    "onChange": [Function],
                    "placeholder": "Search Projects",
                    "prefixCls": "ant-input",
                    "size": "large",
                    "style": Object {
                      "margin": "1rem",
                      "width": "18rem",
                    },
                    "suffix": <Icon
                      type="search"
/>,
                    "type": "text",
                  },
                  "ref": null,
                  "rendered": null,
                  "type": [Function],
                },
                "type": [Function],
              },
              Object {
                "instance": null,
                "key": undefined,
                "nodeType": "class",
                "props": Object {
                  "getList": [Function],
                  "render": [Function],
                },
                "ref": null,
                "rendered": null,
                "type": [Function],
              },
            ],
            "type": [Function],
          },
          Object {
            "instance": null,
            "key": undefined,
            "nodeType": "class",
            "props": Object {
              "children": <Adapter
                style={
                                Object {
                                                "padding": "5rem",
                                                "position": "relative",
                                              }
                }
>
                <div
                                className="content-text"
                                style={
                                                Object {
                                                                "left": "50%",
                                                                "position": "absolute",
                                                                "top": "50%",
                                                                "transform": "translate(-50%,-50%)",
                                                              }
                                }
                >
                                Please select a project from the sidebar
                </div>
</Adapter>,
            },
            "ref": null,
            "rendered": Object {
              "instance": null,
              "key": undefined,
              "nodeType": "class",
              "props": Object {
                "children": <div
                  className="content-text"
                  style={
                                    Object {
                                                      "left": "50%",
                                                      "position": "absolute",
                                                      "top": "50%",
                                                      "transform": "translate(-50%,-50%)",
                                                    }
                  }
>
                  Please select a project from the sidebar
</div>,
                "style": Object {
                  "padding": "5rem",
                  "position": "relative",
                },
              },
              "ref": null,
              "rendered": Object {
                "instance": null,
                "key": undefined,
                "nodeType": "host",
                "props": Object {
                  "children": "Please select a project from the sidebar",
                  "className": "content-text",
                  "style": Object {
                    "left": "50%",
                    "position": "absolute",
                    "top": "50%",
                    "transform": "translate(-50%,-50%)",
                  },
                },
                "ref": null,
                "rendered": "Please select a project from the sidebar",
                "type": "div",
              },
              "type": [Function],
            },
            "type": [Function],
          },
        ],
        "type": [Function],
      },
      "type": [Function],
    },
  ],
  Symbol(enzyme.__options__): Object {
    "adapter": ReactSixteenAdapter {
      "options": Object {
        "enableComponentDidUpdateOnSetState": true,
      },
    },
    "disableLifecycleMethods": true,
  },
}
`;
