// Jest Snapshot v1, https://goo.gl/fbAQLP

exports[`Contributor renders correctly 1`] = `
ShallowWrapper {
  "length": 1,
  Symbol(enzyme.__root__): [Circular],
  Symbol(enzyme.__unrendered__): <Contributor>
    Object {
        "avatar_url": "http://mockavatarurl.com",
        "contributions": 4,
        "login": "george",
      }
</Contributor>,
  Symbol(enzyme.__renderer__): Object {
    "batchedUpdates": [Function],
    "getNode": [Function],
    "render": [Function],
    "simulateEvent": [Function],
    "unmount": [Function],
  },
  Symbol(enzyme.__node__): Object {
    "instance": null,
    "key": undefined,
    "nodeType": "class",
    "props": Object {
      "children": Array [
        <img
          alt="user avatar"
          src="http://mockavatarurl.com"
          width="50px"
/>,
        <div
          style={
                    Object {
                              "marginLeft": "2rem",
                            }
          }
>
          <h3>
                     
                    george
          </h3>
          <span>
                    Contributions: 
                    4
          </span>
</div>,
      ],
    },
    "ref": null,
    "rendered": Array [
      Object {
        "instance": null,
        "key": undefined,
        "nodeType": "host",
        "props": Object {
          "alt": "user avatar",
          "src": "http://mockavatarurl.com",
          "width": "50px",
        },
        "ref": null,
        "rendered": null,
        "type": "img",
      },
      Object {
        "instance": null,
        "key": undefined,
        "nodeType": "host",
        "props": Object {
          "children": Array [
            <h3>
               
              george
</h3>,
            <span>
              Contributions: 
              4
</span>,
          ],
          "style": Object {
            "marginLeft": "2rem",
          },
        },
        "ref": null,
        "rendered": Array [
          Object {
            "instance": null,
            "key": undefined,
            "nodeType": "host",
            "props": Object {
              "children": Array [
                " ",
                "george",
              ],
            },
            "ref": null,
            "rendered": Array [
              " ",
              "george",
            ],
            "type": "h3",
          },
          Object {
            "instance": null,
            "key": undefined,
            "nodeType": "host",
            "props": Object {
              "children": Array [
                "Contributions: ",
                4,
              ],
            },
            "ref": null,
            "rendered": Array [
              "Contributions: ",
              4,
            ],
            "type": "span",
          },
        ],
        "type": "div",
      },
    ],
    "type": [Function],
  },
  Symbol(enzyme.__nodes__): Array [
    Object {
      "instance": null,
      "key": undefined,
      "nodeType": "class",
      "props": Object {
        "children": Array [
          <img
            alt="user avatar"
            src="http://mockavatarurl.com"
            width="50px"
/>,
          <div
            style={
                        Object {
                                    "marginLeft": "2rem",
                                  }
            }
>
            <h3>
                         
                        george
            </h3>
            <span>
                        Contributions: 
                        4
            </span>
</div>,
        ],
      },
      "ref": null,
      "rendered": Array [
        Object {
          "instance": null,
          "key": undefined,
          "nodeType": "host",
          "props": Object {
            "alt": "user avatar",
            "src": "http://mockavatarurl.com",
            "width": "50px",
          },
          "ref": null,
          "rendered": null,
          "type": "img",
        },
        Object {
          "instance": null,
          "key": undefined,
          "nodeType": "host",
          "props": Object {
            "children": Array [
              <h3>
                 
                george
</h3>,
              <span>
                Contributions: 
                4
</span>,
            ],
            "style": Object {
              "marginLeft": "2rem",
            },
          },
          "ref": null,
          "rendered": Array [
            Object {
              "instance": null,
              "key": undefined,
              "nodeType": "host",
              "props": Object {
                "children": Array [
                  " ",
                  "george",
                ],
              },
              "ref": null,
              "rendered": Array [
                " ",
                "george",
              ],
              "type": "h3",
            },
            Object {
              "instance": null,
              "key": undefined,
              "nodeType": "host",
              "props": Object {
                "children": Array [
                  "Contributions: ",
                  4,
                ],
              },
              "ref": null,
              "rendered": Array [
                "Contributions: ",
                4,
              ],
              "type": "span",
            },
          ],
          "type": "div",
        },
      ],
      "type": [Function],
    },
  ],
  Symbol(enzyme.__options__): Object {
    "adapter": ReactSixteenAdapter {
      "options": Object {
        "enableComponentDidUpdateOnSetState": true,
      },
    },
    "disableLifecycleMethods": true,
  },
}
`;
