// Jest Snapshot v1, https://goo.gl/fbAQLP

exports[`ContributorsList renders correctly 1`] = `
ShallowWrapper {
  "length": 1,
  Symbol(enzyme.__root__): [Circular],
  Symbol(enzyme.__unrendered__): <ContributorsList
    contributors={
        Array [
            Object {
              "avatar_url": "http://mockurl.com",
              "contributions": 3,
              "login": "george",
            },
            Object {
              "avatar_url": "http://mockurl.com",
              "contributions": 5,
              "login": "camille",
            },
          ]
    }
/>,
  Symbol(enzyme.__renderer__): Object {
    "batchedUpdates": [Function],
    "getNode": [Function],
    "render": [Function],
    "simulateEvent": [Function],
    "unmount": [Function],
  },
  Symbol(enzyme.__node__): Object {
    "instance": null,
    "key": undefined,
    "nodeType": "function",
    "props": Object {
      "children": <List
        autoHeight={false}
        estimatedRowSize={30}
        height={500}
        noRowsRenderer={[Function]}
        onRowsRendered={[Function]}
        onScroll={[Function]}
        overscanIndicesGetter={[Function]}
        overscanRowCount={10}
        rowCount={2}
        rowHeight={100}
        rowRenderer={[Function]}
        scrollToAlignment="auto"
        scrollToIndex={-1}
        style={Object {}}
        width={300}
/>,
    },
    "ref": null,
    "rendered": Object {
      "instance": null,
      "key": undefined,
      "nodeType": "class",
      "props": Object {
        "autoHeight": false,
        "estimatedRowSize": 30,
        "height": 500,
        "noRowsRenderer": [Function],
        "onRowsRendered": [Function],
        "onScroll": [Function],
        "overscanIndicesGetter": [Function],
        "overscanRowCount": 10,
        "rowCount": 2,
        "rowHeight": 100,
        "rowRenderer": [Function],
        "scrollToAlignment": "auto",
        "scrollToIndex": -1,
        "style": Object {},
        "width": 300,
      },
      "ref": Object {
        "current": null,
      },
      "rendered": null,
      "type": [Function],
    },
    "type": Symbol(react.fragment),
  },
  Symbol(enzyme.__nodes__): Array [
    Object {
      "instance": null,
      "key": undefined,
      "nodeType": "function",
      "props": Object {
        "children": <List
          autoHeight={false}
          estimatedRowSize={30}
          height={500}
          noRowsRenderer={[Function]}
          onRowsRendered={[Function]}
          onScroll={[Function]}
          overscanIndicesGetter={[Function]}
          overscanRowCount={10}
          rowCount={2}
          rowHeight={100}
          rowRenderer={[Function]}
          scrollToAlignment="auto"
          scrollToIndex={-1}
          style={Object {}}
          width={300}
/>,
      },
      "ref": null,
      "rendered": Object {
        "instance": null,
        "key": undefined,
        "nodeType": "class",
        "props": Object {
          "autoHeight": false,
          "estimatedRowSize": 30,
          "height": 500,
          "noRowsRenderer": [Function],
          "onRowsRendered": [Function],
          "onScroll": [Function],
          "overscanIndicesGetter": [Function],
          "overscanRowCount": 10,
          "rowCount": 2,
          "rowHeight": 100,
          "rowRenderer": [Function],
          "scrollToAlignment": "auto",
          "scrollToIndex": -1,
          "style": Object {},
          "width": 300,
        },
        "ref": Object {
          "current": null,
        },
        "rendered": null,
        "type": [Function],
      },
      "type": Symbol(react.fragment),
    },
  ],
  Symbol(enzyme.__options__): Object {
    "adapter": ReactSixteenAdapter {
      "options": Object {
        "enableComponentDidUpdateOnSetState": true,
      },
    },
    "disableLifecycleMethods": true,
  },
}
`;
