// Jest Snapshot v1, https://goo.gl/fbAQLP

exports[`FProjectsList renders correctly 1`] = `
ShallowWrapper {
  "length": 1,
  Symbol(enzyme.__root__): [Circular],
  Symbol(enzyme.__unrendered__): <FProjectsList
    onClickProjectHandler={[Function]}
    projects={
        Array [
            Object {
              "id": 1,
              "name": "create-react-app",
              "watchers_count": 1000,
            },
            Object {
              "id": 2,
              "name": "flow",
              "watchers_count": 500,
            },
          ]
    }
    searchValue=""
/>,
  Symbol(enzyme.__renderer__): Object {
    "batchedUpdates": [Function],
    "getNode": [Function],
    "render": [Function],
    "simulateEvent": [Function],
    "unmount": [Function],
  },
  Symbol(enzyme.__node__): Object {
    "instance": null,
    "key": undefined,
    "nodeType": "function",
    "props": Object {
      "children": Array [
        <FProjectsListItem
          onClickProjectHandler={[Function]}
          project={
                    Object {
                              "id": 1,
                              "name": "create-react-app",
                              "watchers_count": 1000,
                            }
          }
/>,
        <FProjectsListItem
          onClickProjectHandler={[Function]}
          project={
                    Object {
                              "id": 2,
                              "name": "flow",
                              "watchers_count": 500,
                            }
          }
/>,
      ],
    },
    "ref": null,
    "rendered": Array [
      Object {
        "instance": null,
        "key": "1",
        "nodeType": "function",
        "props": Object {
          "onClickProjectHandler": [Function],
          "project": Object {
            "id": 1,
            "name": "create-react-app",
            "watchers_count": 1000,
          },
        },
        "ref": null,
        "rendered": null,
        "type": [Function],
      },
      Object {
        "instance": null,
        "key": "2",
        "nodeType": "function",
        "props": Object {
          "onClickProjectHandler": [Function],
          "project": Object {
            "id": 2,
            "name": "flow",
            "watchers_count": 500,
          },
        },
        "ref": null,
        "rendered": null,
        "type": [Function],
      },
    ],
    "type": Symbol(react.fragment),
  },
  Symbol(enzyme.__nodes__): Array [
    Object {
      "instance": null,
      "key": undefined,
      "nodeType": "function",
      "props": Object {
        "children": Array [
          <FProjectsListItem
            onClickProjectHandler={[Function]}
            project={
                        Object {
                                    "id": 1,
                                    "name": "create-react-app",
                                    "watchers_count": 1000,
                                  }
            }
/>,
          <FProjectsListItem
            onClickProjectHandler={[Function]}
            project={
                        Object {
                                    "id": 2,
                                    "name": "flow",
                                    "watchers_count": 500,
                                  }
            }
/>,
        ],
      },
      "ref": null,
      "rendered": Array [
        Object {
          "instance": null,
          "key": "1",
          "nodeType": "function",
          "props": Object {
            "onClickProjectHandler": [Function],
            "project": Object {
              "id": 1,
              "name": "create-react-app",
              "watchers_count": 1000,
            },
          },
          "ref": null,
          "rendered": null,
          "type": [Function],
        },
        Object {
          "instance": null,
          "key": "2",
          "nodeType": "function",
          "props": Object {
            "onClickProjectHandler": [Function],
            "project": Object {
              "id": 2,
              "name": "flow",
              "watchers_count": 500,
            },
          },
          "ref": null,
          "rendered": null,
          "type": [Function],
        },
      ],
      "type": Symbol(react.fragment),
    },
  ],
  Symbol(enzyme.__options__): Object {
    "adapter": ReactSixteenAdapter {
      "options": Object {
        "enableComponentDidUpdateOnSetState": true,
      },
    },
    "disableLifecycleMethods": true,
  },
}
`;
